video mode entered via side rail (attempt 1)
  aspect attempt 1: 顯示比例：直向 (9:16)
aspect OK: 顯示比例：直向 (9:16)
scene attached
prompt sent (attempt 1)
Traceback (most recent call last):
  File "C:\Users\TUF Gaming\Desktop\我的專案\財富密碼\auto\make_video_cloud.py", line 320, in <module>
    body = page.evaluate("() => document.body.innerText")
  File "C:\Users\TUF Gaming\AppData\Local\Programs\Python\Python313\Lib\site-packages\playwright\sync_api\_generated.py", line 9385, in evaluate
    self._sync(
    ~~~~~~~~~~^
        self._impl_obj.evaluate(expression=expression, arg=mapping.to_impl(arg))
        ^^^^^^^^^^^^^^^^^^^^^^^^^^^^^^^^^^^^^^^^^^^^^^^^^^^^^^^^^^^^^^^^^^^^^^^^
    )
    ^
  File "C:\Users\TUF Gaming\AppData\Local\Programs\Python\Python313\Lib\site-packages\playwright\_impl\_sync_base.py", line 115, in _sync
    return task.result()
           ~~~~~~~~~~~^^
  File "C:\Users\TUF Gaming\AppData\Local\Programs\Python\Python313\Lib\site-packages\playwright\_impl\_page.py", line 472, in evaluate
    return await self._main_frame.evaluate(expression, arg)
           ^^^^^^^^^^^^^^^^^^^^^^^^^^^^^^^^^^^^^^^^^^^^^^^^
  File "C:\Users\TUF Gaming\AppData\Local\Programs\Python\Python313\Lib\site-packages\playwright\_impl\_frame.py", line 345, in evaluate
    await self._channel.send(
    ...<6 lines>...
    )
  File "C:\Users\TUF Gaming\AppData\Local\Programs\Python\Python313\Lib\site-packages\playwright\_impl\_connection.py", line 76, in send
    return await self._connection.wrap_api_call(
           ^^^^^^^^^^^^^^^^^^^^^^^^^^^^^^^^^^^^^
    ...<3 lines>...
    )
    ^
  File "C:\Users\TUF Gaming\AppData\Local\Programs\Python\Python313\Lib\site-packages\playwright\_impl\_connection.py", line 632, in wrap_api_call
    raise rewrite_error(error, f"{parsed_st['apiName']}: {error}") from None
playwright._impl._errors.Error: Page.evaluate: Execution context was destroyed, most likely because of a navigation
