[ok] ComfyUI 0.30.0 | cuda:0 NVIDIA GeForce RTX 5050 Laptop GPU : cudaMallocAsync | VRAM free 3.32 / 7.96 GB
共 6 組，固定 seed=777001
[1/6] weight=0.55 start_at=0.0
[…] 別人的工作在跑（running=1 pending=0），禮讓等待中…
[ok] 佇列空了（等了 110s），接手
[>] prompt_id=447ff7f1-a845-45ee-8173-62f2715cfbd2 tag=sweep_w055_s00
  ...排隊中 running=1 pending=0 (0s)
  ...排隊中 running=1 pending=0 (2s)
  ...排隊中 running=1 pending=0 (4s)
  ...排隊中 running=1 pending=0 (6s)
  ...排隊中 running=1 pending=0 (8s)
  ...排隊中 running=1 pending=0 (10s)
  ...排隊中 running=1 pending=0 (12s)
  ...排隊中 running=1 pending=0 (14s)
  ...排隊中 running=1 pending=0 (16s)
  ...排隊中 running=1 pending=0 (18s)
  ...排隊中 running=1 pending=0 (20s)
  ...排隊中 running=1 pending=0 (22s)
  ...排隊中 running=1 pending=0 (24s)
  ...排隊中 running=1 pending=0 (26s)
[ok] sweep_w055_s00 完成，28s，產出 1 張
     C:\Users\TUF Gaming\ai-video-local\_farmwork\consistency\sweep_w055_s00_sweep_w055_s00_00001_.png
      -> sweep_w055_s00_sweep_w055_s00_00001_.png
[2/6] weight=0.55 start_at=0.2
[>] prompt_id=15876b13-201f-472b-b34d-43481df6e688 tag=sweep_w055_s20
  ...排隊中 running=1 pending=0 (0s)
  ...排隊中 running=1 pending=0 (2s)
  ...排隊中 running=1 pending=0 (4s)
  ...排隊中 running=1 pending=0 (6s)
  ...排隊中 running=1 pending=0 (8s)
  ...排隊中 running=1 pending=0 (10s)
  ...排隊中 running=1 pending=0 (12s)
  ...排隊中 running=1 pending=0 (14s)
[ok] sweep_w055_s20 完成，16s，產出 1 張
     C:\Users\TUF Gaming\ai-video-local\_farmwork\consistency\sweep_w055_s20_sweep_w055_s20_00001_.png
      -> sweep_w055_s20_sweep_w055_s20_00001_.png
[3/6] weight=0.7 start_at=0.0
[>] prompt_id=3effbca4-2893-41ca-8504-ec3a9daeb59f tag=sweep_w070_s00
  ...排隊中 running=1 pending=0 (0s)
  ...排隊中 running=1 pending=0 (2s)
  ...排隊中 running=1 pending=0 (4s)
  ...排隊中 running=1 pending=0 (6s)
  ...排隊中 running=1 pending=0 (8s)
  ...排隊中 running=1 pending=0 (10s)
  ...排隊中 running=1 pending=0 (12s)
  ...排隊中 running=1 pending=0 (14s)
[ok] sweep_w070_s00 完成，16s，產出 1 張
     C:\Users\TUF Gaming\ai-video-local\_farmwork\consistency\sweep_w070_s00_sweep_w070_s00_00001_.png
      -> sweep_w070_s00_sweep_w070_s00_00001_.png
[4/6] weight=0.7 start_at=0.2
[>] prompt_id=d71dfda0-2499-4c60-a220-e2ddc4d5b60e tag=sweep_w070_s20
  ...排隊中 running=1 pending=0 (0s)
  ...排隊中 running=1 pending=0 (2s)
  ...排隊中 running=1 pending=0 (4s)
  ...排隊中 running=1 pending=0 (6s)
  ...排隊中 running=1 pending=0 (8s)
  ...排隊中 running=1 pending=0 (10s)
  ...排隊中 running=1 pending=0 (12s)
  ...排隊中 running=1 pending=0 (14s)
[ok] sweep_w070_s20 完成，16s，產出 1 張
     C:\Users\TUF Gaming\ai-video-local\_farmwork\consistency\sweep_w070_s20_sweep_w070_s20_00001_.png
      -> sweep_w070_s20_sweep_w070_s20_00001_.png
[5/6] weight=0.85 start_at=0.0
[>] prompt_id=6fcea627-588f-4dd2-903a-c43da62209a1 tag=sweep_w085_s00
  ...排隊中 running=1 pending=0 (0s)
  ...排隊中 running=1 pending=0 (2s)
  ...排隊中 running=1 pending=0 (4s)
  ...排隊中 running=1 pending=0 (6s)
  ...排隊中 running=1 pending=0 (8s)
  ...排隊中 running=1 pending=0 (10s)
  ...排隊中 running=1 pending=0 (12s)
  ...排隊中 running=1 pending=0 (14s)
  ...排隊中 running=1 pending=0 (16s)
  ...排隊中 running=1 pending=0 (18s)
[ok] sweep_w085_s00 完成，20s，產出 1 張
     C:\Users\TUF Gaming\ai-video-local\_farmwork\consistency\sweep_w085_s00_sweep_w085_s00_00001_.png
      -> sweep_w085_s00_sweep_w085_s00_00001_.png
[6/6] weight=0.85 start_at=0.2
[>] prompt_id=6899d86f-e50d-477c-95ef-ecea8eaf8907 tag=sweep_w085_s20
  ...排隊中 running=1 pending=0 (0s)
  ...排隊中 running=1 pending=0 (2s)
  ...排隊中 running=1 pending=0 (4s)
  ...排隊中 running=1 pending=0 (6s)
  ...排隊中 running=1 pending=0 (8s)
  ...排隊中 running=1 pending=0 (10s)
  ...排隊中 running=1 pending=0 (12s)
  ...排隊中 running=1 pending=0 (14s)
  ...排隊中 running=1 pending=0 (16s)
[ok] sweep_w085_s20 完成，18s，產出 1 張
     C:\Users\TUF Gaming\ai-video-local\_farmwork\consistency\sweep_w085_s20_sweep_w085_s20_00001_.png
      -> sweep_w085_s20_sweep_w085_s20_00001_.png

完成 6/6 張
  w=0.55 start=0.0       C:\Users\TUF Gaming\ai-video-local\_farmwork\consistency\sweep_w055_s00_sweep_w055_s00_00001_.png
  w=0.55 start=0.2       C:\Users\TUF Gaming\ai-video-local\_farmwork\consistency\sweep_w055_s20_sweep_w055_s20_00001_.png
  w=0.7 start=0.0        C:\Users\TUF Gaming\ai-video-local\_farmwork\consistency\sweep_w070_s00_sweep_w070_s00_00001_.png
  w=0.7 start=0.2        C:\Users\TUF Gaming\ai-video-local\_farmwork\consistency\sweep_w070_s20_sweep_w070_s20_00001_.png
  w=0.85 start=0.0       C:\Users\TUF Gaming\ai-video-local\_farmwork\consistency\sweep_w085_s00_sweep_w085_s00_00001_.png
  w=0.85 start=0.2       C:\Users\TUF Gaming\ai-video-local\_farmwork\consistency\sweep_w085_s20_sweep_w085_s20_00001_.png
