
============================================================
▶ E00_base  基準重現（steps 4 / shift 8 / 121 幀 / euler）
  ✅ 5.0 分鐘 / motion=0.0678 peak=0.1326 jerk=0.511 flow_ok=0.152

============================================================
▶ E01_steps6  steps 6
  ✅ 5.8 分鐘 / motion=0.0786 peak=0.1629 jerk=0.498 flow_ok=0.175

============================================================
▶ E02_steps8  steps 8
  ✅ 6.5 分鐘 / motion=0.0939 peak=0.2016 jerk=0.476 flow_ok=0.209

============================================================
▶ E03_steps10  steps 10
  ✅ 7.3 分鐘 / motion=0.1047 peak=0.2016 jerk=0.469 flow_ok=0.23

============================================================
▶ E04_shift5  shift 5.0
  ✅ 5.0 分鐘 / motion=0.064 peak=0.1296 jerk=0.499 flow_ok=0.149

============================================================
▶ E05_shift12  shift 12.0
  ✅ 5.1 分鐘 / motion=0.0723 peak=0.1482 jerk=0.508 flow_ok=0.159

============================================================
▶ E06_len81  81 幀（3.375 秒）
  ✅ 3.3 分鐘 / motion=0.0725 peak=0.1318 jerk=0.396 flow_ok=0.125

============================================================
▶ E07_dpmpp2m  sampler dpmpp_2m
  ✅ 5.0 分鐘 / motion=0.0731 peak=0.1651 jerk=0.648 flow_ok=0.181

============================================================
▶ E08_unipc  sampler uni_pc
  ✅ 5.1 分鐘 / motion=0.0853 peak=0.1856 jerk=0.59 flow_ok=0.198

============================================================
▶ E09_eulera  sampler euler_ancestral
  ✅ 4.8 分鐘 / motion=0.0743 peak=0.1371 jerk=0.511 flow_ok=0.185


============================================================
id          變數                             分鐘   motion    peak   jerk  flow_ok
E00_base    基準重現（steps 4 / shift 8 / 121 幀 / euler）  5.0   0.0678  0.1326  0.511    0.152
E01_steps6  steps 6                       5.8   0.0786  0.1629  0.498    0.175
E02_steps8  steps 8                       6.5   0.0939  0.2016  0.476    0.209
E03_steps10 steps 10                      7.3   0.1047  0.2016  0.469     0.23
E04_shift5  shift 5.0                     5.0    0.064  0.1296  0.499    0.149
E05_shift12 shift 12.0                    5.1   0.0723  0.1482  0.508    0.159
E06_len81   81 幀（3.375 秒）                 3.3   0.0725  0.1318  0.396    0.125
E07_dpmpp2m sampler dpmpp_2m              5.0   0.0731  0.1651  0.648    0.181
E08_unipc   sampler uni_pc                5.1   0.0853  0.1856   0.59    0.198
E09_eulera  sampler euler_ancestral       4.8   0.0743  0.1371  0.511    0.185

參考值：d1s1 黑洞(Veo,5.1萬觀看) motion 0.262 / peak 0.946 / jerk 0.191 / flow_ok 0.578
        d6s1-cand-v09(現成檔)   motion 0.059 / peak 0.138 / jerk 0.533 / flow_ok 0.138

結果寫在 C:\Users\TUF Gaming\Desktop\我的專案\財富密碼\LOCAL-AI-STUDIO\PRODUCTION\_exp_20260814\results.json
